// Jest Snapshot v1, https://goo.gl/fbAQLP

exports[`ShoppingList component renders ShoppingItems when supplied with an items prop 1`] = `
<ul>
  <ShoppingList
    item={
      Object {
        "checked": false,
        "name": "test item 1",
      }
    }
    items={Array []}
    key="0"
  />
  <ShoppingList
    item={
      Object {
        "checked": true,
        "name": "another test item",
      }
    }
    items={Array []}
    key="1"
  />
  <ShoppingList
    item={
      Object {
        "checked": false,
        "name": "test item number three",
      }
    }
    items={Array []}
    key="2"
  />
</ul>
`;

exports[`ShoppingList component renders empty given no items 1`] = `<ul />`;
